
optiboot_atmega1284p.elf:     file format elf32-avr

Sections:
Idx Name          Size      VMA       LMA       File off  Algn
  0 .data         00000000  00800100  0001fde8  0000025c  2**0
                  CONTENTS, ALLOC, LOAD, DATA
  1 .text         000001e8  0001fc00  0001fc00  00000074  2**1
                  CONTENTS, ALLOC, LOAD, READONLY, CODE
  2 .version      00000002  0001fffe  0001fffe  0000025c  2**0
                  CONTENTS, READONLY
  3 .debug_aranges 00000028  00000000  00000000  0000025e  2**0
                  CONTENTS, READONLY, DEBUGGING
  4 .debug_info   00000290  00000000  00000000  00000286  2**0
                  CONTENTS, READONLY, DEBUGGING
  5 .debug_abbrev 00000176  00000000  00000000  00000516  2**0
                  CONTENTS, READONLY, DEBUGGING
  6 .debug_line   00000193  00000000  00000000  0000068c  2**0
                  CONTENTS, READONLY, DEBUGGING
  7 .debug_frame  00000094  00000000  00000000  00000820  2**2
                  CONTENTS, READONLY, DEBUGGING
  8 .debug_str    00000125  00000000  00000000  000008b4  2**0
                  CONTENTS, READONLY, DEBUGGING
  9 .debug_loc    0000026e  00000000  00000000  000009d9  2**0
                  CONTENTS, READONLY, DEBUGGING
 10 .debug_ranges 00000048  00000000  00000000  00000c47  2**0
                  CONTENTS, READONLY, DEBUGGING

Disassembly of section .text:

0001fc00 <main>:
# define UART_SRL UBRR3L
# define UART_UDR UDR3
#endif

/* main program starts here */
int main(void) {
   1fc00:	0f 92       	push	r0
   1fc02:	cd b7       	in	r28, 0x3d	; 61
   1fc04:	de b7       	in	r29, 0x3e	; 62
  //  SP points to RAMEND
  //  r1 contains zero
  //
  // If not, uncomment the following instructions:
  // cli();
  asm volatile ("clr __zero_reg__");
   1fc06:	11 24       	eor	r1, r1
#if defined(__AVR_ATmega8__) || defined (__AVR_ATmega32__)
  SP=RAMEND;  // This is done by hardware reset
#endif

  // Adaboot no-wait mod
  ch = MCUSR;
   1fc08:	84 b7       	in	r24, 0x34	; 52
  MCUSR = 0;
   1fc0a:	14 be       	out	0x34, r1	; 52
  if (!(ch & _BV(EXTRF))) appStart(ch);
   1fc0c:	81 ff       	sbrs	r24, 1
   1fc0e:	e6 d0       	rcall	.+460    	; 0x1fddc <appStart>

#if LED_START_FLASHES > 0
  // Set up Timer 1 for timeout counter
  TCCR1B = _BV(CS12) | _BV(CS10); // div 1024
   1fc10:	85 e0       	ldi	r24, 0x05	; 5
   1fc12:	80 93 81 00 	sts	0x0081, r24
  UCSRA = _BV(U2X); //Double speed mode USART
  UCSRB = _BV(RXEN) | _BV(TXEN);  // enable Rx & Tx
  UCSRC = _BV(URSEL) | _BV(UCSZ1) | _BV(UCSZ0);  // config USART; 8N1
  UBRRL = (uint8_t)( (F_CPU + BAUD_RATE * 4L) / (BAUD_RATE * 8L) - 1 );
#else
  UART_SRA = _BV(U2X0); //Double speed mode USART0
   1fc16:	82 e0       	ldi	r24, 0x02	; 2
   1fc18:	80 93 c0 00 	sts	0x00C0, r24
  UART_SRB = _BV(RXEN0) | _BV(TXEN0);
   1fc1c:	88 e1       	ldi	r24, 0x18	; 24
   1fc1e:	80 93 c1 00 	sts	0x00C1, r24
  UART_SRC = _BV(UCSZ00) | _BV(UCSZ01);
   1fc22:	86 e0       	ldi	r24, 0x06	; 6
   1fc24:	80 93 c2 00 	sts	0x00C2, r24
  UART_SRL = (uint8_t)( (F_CPU + BAUD_RATE * 4L) / (BAUD_RATE * 8L) - 1 );
   1fc28:	80 e1       	ldi	r24, 0x10	; 16
   1fc2a:	80 93 c4 00 	sts	0x00C4, r24
#endif
#endif

  // Set up watchdog to trigger after 500ms
  watchdogConfig(WATCHDOG_1S);
   1fc2e:	8e e0       	ldi	r24, 0x0E	; 14
   1fc30:	bf d0       	rcall	.+382    	; 0x1fdb0 <watchdogConfig>

#if (LED_START_FLASHES > 0) || defined(LED_DATA_FLASH)
  /* Set LED pin as output */
  LED_DDR |= _BV(LED);
   1fc32:	20 9a       	sbi	0x04, 0	; 4
   1fc34:	24 e0       	ldi	r18, 0x04	; 4
}

#if LED_START_FLASHES > 0
void flash_led(uint8_t count) {
  do {
    TCNT1 = -(F_CPU/(1024*16));
   1fc36:	80 e3       	ldi	r24, 0x30	; 48
   1fc38:	9c ef       	ldi	r25, 0xFC	; 252
    TIFR1 = _BV(TOV1);
   1fc3a:	31 e0       	ldi	r19, 0x01	; 1
}

#if LED_START_FLASHES > 0
void flash_led(uint8_t count) {
  do {
    TCNT1 = -(F_CPU/(1024*16));
   1fc3c:	90 93 85 00 	sts	0x0085, r25
   1fc40:	80 93 84 00 	sts	0x0084, r24
    TIFR1 = _BV(TOV1);
   1fc44:	36 bb       	out	0x16, r19	; 22
    while(!(TIFR1 & _BV(TOV1)));
   1fc46:	b0 9b       	sbis	0x16, 0	; 22
   1fc48:	fe cf       	rjmp	.-4      	; 0x1fc46 <main+0x46>
#if defined(__AVR_ATmega8__)  || defined (__AVR_ATmega32__)
    LED_PORT ^= _BV(LED);
#else
    LED_PIN |= _BV(LED);
   1fc4a:	18 9a       	sbi	0x03, 0	; 3
}
#endif

// Watchdog functions. These are only safe with interrupts turned off.
void watchdogReset() {
  __asm__ __volatile__ (
   1fc4c:	a8 95       	wdr
   1fc4e:	21 50       	subi	r18, 0x01	; 1
    LED_PORT ^= _BV(LED);
#else
    LED_PIN |= _BV(LED);
#endif
    watchdogReset();
  } while (--count);
   1fc50:	a9 f7       	brne	.-22     	; 0x1fc3c <main+0x3c>
   1fc52:	00 e0       	ldi	r16, 0x00	; 0
   1fc54:	10 e0       	ldi	r17, 0x00	; 0
      ch = SPM_PAGESIZE / 2;
      do {
        uint16_t a;
        a = *bufPtr++;
        a |= (*bufPtr++) << 8;
        __boot_page_fill_short((uint16_t)(void*)addrPtr,a);
   1fc56:	ee 24       	eor	r14, r14
   1fc58:	e3 94       	inc	r14
      __boot_page_write_short((uint16_t)(void*)address);
      boot_spm_busy_wait();

#if defined(RWWSRE)
      // Reenable read access to flash
      boot_rww_enable();
   1fc5a:	e1 e1       	ldi	r30, 0x11	; 17
   1fc5c:	de 2e       	mov	r13, r30

      // If we are in NRWW section, page erase has to be delayed until now.
      // Todo: Take RAMPZ into account (not doing so just means that we will
      //  treat the top of both "pages" of flash as NRWW, for a slight speed
      //  decrease, so fixing this is not urgent.)
      if (address >= NRWWSTART) __boot_page_erase_short((uint16_t)(void*)address);
   1fc5e:	f3 e0       	ldi	r31, 0x03	; 3
   1fc60:	ff 2e       	mov	r15, r31
#endif

  /* Forever loop */
  for (;;) {
    /* get character from UART */
    ch = getch();
   1fc62:	9a d0       	rcall	.+308    	; 0x1fd98 <getch>

    if(ch == STK_GET_PARAMETER) {
   1fc64:	81 34       	cpi	r24, 0x41	; 65
   1fc66:	61 f4       	brne	.+24     	; 0x1fc80 <main+0x80>
      unsigned char which = getch();
   1fc68:	97 d0       	rcall	.+302    	; 0x1fd98 <getch>
      verifySpace();
   1fc6a:	89 83       	std	Y+1, r24	; 0x01
   1fc6c:	a7 d0       	rcall	.+334    	; 0x1fdbc <verifySpace>
      if (which == 0x82) {
   1fc6e:	89 81       	ldd	r24, Y+1	; 0x01
   1fc70:	82 38       	cpi	r24, 0x82	; 130
   1fc72:	39 f1       	breq	.+78     	; 0x1fcc2 <main+0xc2>
	/*
	 * Send optiboot version as "minor SW version"
	 */
	putch(OPTIBOOT_MINVER);
      } else if (which == 0x81) {
   1fc74:	81 38       	cpi	r24, 0x81	; 129
   1fc76:	09 f4       	brne	.+2      	; 0x1fc7a <main+0x7a>
   1fc78:	7e c0       	rjmp	.+252    	; 0x1fd76 <main+0x176>
      } else {
	/*
	 * GET PARAMETER returns a generic 0x03 reply for
         * other parameters - enough to keep Avrdude happy
	 */
	putch(0x03);
   1fc7a:	83 e0       	ldi	r24, 0x03	; 3
   1fc7c:	86 d0       	rcall	.+268    	; 0x1fd8a <putch>
   1fc7e:	82 c0       	rjmp	.+260    	; 0x1fd84 <main+0x184>
      }
    }
    else if(ch == STK_SET_DEVICE) {
   1fc80:	82 34       	cpi	r24, 0x42	; 66
   1fc82:	11 f4       	brne	.+4      	; 0x1fc88 <main+0x88>
      // SET DEVICE is ignored
      getNch(20);
   1fc84:	84 e1       	ldi	r24, 0x14	; 20
   1fc86:	03 c0       	rjmp	.+6      	; 0x1fc8e <main+0x8e>
    }
    else if(ch == STK_SET_DEVICE_EXT) {
   1fc88:	85 34       	cpi	r24, 0x45	; 69
   1fc8a:	19 f4       	brne	.+6      	; 0x1fc92 <main+0x92>
      // SET DEVICE EXT is ignored
      getNch(5);
   1fc8c:	85 e0       	ldi	r24, 0x05	; 5
   1fc8e:	9e d0       	rcall	.+316    	; 0x1fdcc <verifySpace+0x10>
   1fc90:	79 c0       	rjmp	.+242    	; 0x1fd84 <main+0x184>
    }
    else if(ch == STK_LOAD_ADDRESS) {
   1fc92:	85 35       	cpi	r24, 0x55	; 85
   1fc94:	91 f4       	brne	.+36     	; 0x1fcba <main+0xba>
      // LOAD ADDRESS
      uint16_t newAddress;
      newAddress = getch();
   1fc96:	80 d0       	rcall	.+256    	; 0x1fd98 <getch>
   1fc98:	a8 2e       	mov	r10, r24
   1fc9a:	bb 24       	eor	r11, r11
      newAddress = (newAddress & 0xff) | (getch() << 8);
   1fc9c:	7d d0       	rcall	.+250    	; 0x1fd98 <getch>
   1fc9e:	08 2f       	mov	r16, r24
   1fca0:	10 e0       	ldi	r17, 0x00	; 0
   1fca2:	10 2f       	mov	r17, r16
   1fca4:	00 27       	eor	r16, r16
   1fca6:	0a 29       	or	r16, r10
   1fca8:	1b 29       	or	r17, r11
#ifdef RAMPZ
      // Transfer top bit to RAMPZ
      RAMPZ = (newAddress & 0x8000) ? 1 : 0;
   1fcaa:	81 2f       	mov	r24, r17
   1fcac:	88 1f       	adc	r24, r24
   1fcae:	88 27       	eor	r24, r24
   1fcb0:	88 1f       	adc	r24, r24
   1fcb2:	8b bf       	out	0x3b, r24	; 59
#endif
      newAddress += newAddress; // Convert from word address to byte address
   1fcb4:	00 0f       	add	r16, r16
   1fcb6:	11 1f       	adc	r17, r17
   1fcb8:	64 c0       	rjmp	.+200    	; 0x1fd82 <main+0x182>
      address = newAddress;
      verifySpace();
    }
    else if(ch == STK_UNIVERSAL) {
   1fcba:	86 35       	cpi	r24, 0x56	; 86
   1fcbc:	21 f4       	brne	.+8      	; 0x1fcc6 <main+0xc6>
      // UNIVERSAL command is ignored
      getNch(4);
   1fcbe:	84 e0       	ldi	r24, 0x04	; 4
   1fcc0:	85 d0       	rcall	.+266    	; 0x1fdcc <verifySpace+0x10>
      putch(0x00);
   1fcc2:	80 e0       	ldi	r24, 0x00	; 0
   1fcc4:	db cf       	rjmp	.-74     	; 0x1fc7c <main+0x7c>
    }
    /* Write memory, length is big endian and is in bytes */
    else if(ch == STK_PROG_PAGE) {
   1fcc6:	84 36       	cpi	r24, 0x64	; 100
   1fcc8:	09 f0       	breq	.+2      	; 0x1fccc <main+0xcc>
   1fcca:	40 c0       	rjmp	.+128    	; 0x1fd4c <main+0x14c>
      // PROGRAM PAGE - we support flash programming only, not EEPROM
      uint8_t *bufPtr;
      uint16_t addrPtr;

      getch();			/* getlen() */
   1fccc:	65 d0       	rcall	.+202    	; 0x1fd98 <getch>
      length = getch();
   1fcce:	64 d0       	rcall	.+200    	; 0x1fd98 <getch>
   1fcd0:	c8 2e       	mov	r12, r24
      getch();
   1fcd2:	62 d0       	rcall	.+196    	; 0x1fd98 <getch>

      // If we are in RWW section, immediately start page erase
      if (address < NRWWSTART) __boot_page_erase_short((uint16_t)(void*)address);
   1fcd4:	80 ee       	ldi	r24, 0xE0	; 224
   1fcd6:	00 30       	cpi	r16, 0x00	; 0
   1fcd8:	18 07       	cpc	r17, r24
   1fcda:	18 f4       	brcc	.+6      	; 0x1fce2 <main+0xe2>
   1fcdc:	f8 01       	movw	r30, r16
   1fcde:	f7 be       	out	0x37, r15	; 55
   1fce0:	e8 95       	spm
   1fce2:	a1 2c       	mov	r10, r1
   1fce4:	51 e0       	ldi	r21, 0x01	; 1
   1fce6:	b5 2e       	mov	r11, r21

      // While that is going on, read in page contents
      bufPtr = buff;
      do *bufPtr++ = getch();
   1fce8:	57 d0       	rcall	.+174    	; 0x1fd98 <getch>
   1fcea:	f5 01       	movw	r30, r10
   1fcec:	81 93       	st	Z+, r24
   1fcee:	5f 01       	movw	r10, r30
      while (--length);
   1fcf0:	ce 16       	cp	r12, r30
   1fcf2:	d1 f7       	brne	.-12     	; 0x1fce8 <main+0xe8>

      // If we are in NRWW section, page erase has to be delayed until now.
      // Todo: Take RAMPZ into account (not doing so just means that we will
      //  treat the top of both "pages" of flash as NRWW, for a slight speed
      //  decrease, so fixing this is not urgent.)
      if (address >= NRWWSTART) __boot_page_erase_short((uint16_t)(void*)address);
   1fcf4:	f0 ee       	ldi	r31, 0xE0	; 224
   1fcf6:	00 30       	cpi	r16, 0x00	; 0
   1fcf8:	1f 07       	cpc	r17, r31
   1fcfa:	18 f0       	brcs	.+6      	; 0x1fd02 <main+0x102>
   1fcfc:	f8 01       	movw	r30, r16
   1fcfe:	f7 be       	out	0x37, r15	; 55
   1fd00:	e8 95       	spm

      // Read command terminator, start reply
      verifySpace();
   1fd02:	5c d0       	rcall	.+184    	; 0x1fdbc <verifySpace>

      // If only a partial page is to be programmed, the erase might not be complete.
      // So check that here
      boot_spm_busy_wait();
   1fd04:	07 b6       	in	r0, 0x37	; 55
   1fd06:	00 fc       	sbrc	r0, 0
   1fd08:	fd cf       	rjmp	.-6      	; 0x1fd04 <main+0x104>
   1fd0a:	f8 01       	movw	r30, r16
   1fd0c:	a0 e0       	ldi	r26, 0x00	; 0
   1fd0e:	b1 e0       	ldi	r27, 0x01	; 1
      bufPtr = buff;
      addrPtr = (uint16_t)(void*)address;
      ch = SPM_PAGESIZE / 2;
      do {
        uint16_t a;
        a = *bufPtr++;
   1fd10:	2c 91       	ld	r18, X
   1fd12:	30 e0       	ldi	r19, 0x00	; 0
        a |= (*bufPtr++) << 8;
   1fd14:	11 96       	adiw	r26, 0x01	; 1
   1fd16:	8c 91       	ld	r24, X
   1fd18:	11 97       	sbiw	r26, 0x01	; 1
   1fd1a:	90 e0       	ldi	r25, 0x00	; 0
   1fd1c:	98 2f       	mov	r25, r24
   1fd1e:	88 27       	eor	r24, r24
   1fd20:	82 2b       	or	r24, r18
   1fd22:	93 2b       	or	r25, r19
# define UART_SRL UBRR3L
# define UART_UDR UDR3
#endif

/* main program starts here */
int main(void) {
   1fd24:	12 96       	adiw	r26, 0x02	; 2
      ch = SPM_PAGESIZE / 2;
      do {
        uint16_t a;
        a = *bufPtr++;
        a |= (*bufPtr++) << 8;
        __boot_page_fill_short((uint16_t)(void*)addrPtr,a);
   1fd26:	0c 01       	movw	r0, r24
   1fd28:	e7 be       	out	0x37, r14	; 55
   1fd2a:	e8 95       	spm
   1fd2c:	11 24       	eor	r1, r1
        addrPtr += 2;
   1fd2e:	32 96       	adiw	r30, 0x02	; 2
      } while (--ch);
   1fd30:	82 e0       	ldi	r24, 0x02	; 2
   1fd32:	a0 30       	cpi	r26, 0x00	; 0
   1fd34:	b8 07       	cpc	r27, r24
   1fd36:	61 f7       	brne	.-40     	; 0x1fd10 <main+0x110>

      // Write from programming buffer
      __boot_page_write_short((uint16_t)(void*)address);
   1fd38:	85 e0       	ldi	r24, 0x05	; 5
   1fd3a:	f8 01       	movw	r30, r16
   1fd3c:	87 bf       	out	0x37, r24	; 55
   1fd3e:	e8 95       	spm
      boot_spm_busy_wait();
   1fd40:	07 b6       	in	r0, 0x37	; 55
   1fd42:	00 fc       	sbrc	r0, 0
   1fd44:	fd cf       	rjmp	.-6      	; 0x1fd40 <main+0x140>

#if defined(RWWSRE)
      // Reenable read access to flash
      boot_rww_enable();
   1fd46:	d7 be       	out	0x37, r13	; 55
   1fd48:	e8 95       	spm
   1fd4a:	1c c0       	rjmp	.+56     	; 0x1fd84 <main+0x184>
#endif

    }
    /* Read memory block mode, length is big endian.  */
    else if(ch == STK_READ_PAGE) {
   1fd4c:	84 37       	cpi	r24, 0x74	; 116
   1fd4e:	61 f4       	brne	.+24     	; 0x1fd68 <main+0x168>
      // READ PAGE - we only read flash
      getch();			/* getlen() */
   1fd50:	23 d0       	rcall	.+70     	; 0x1fd98 <getch>
      length = getch();
   1fd52:	22 d0       	rcall	.+68     	; 0x1fd98 <getch>
   1fd54:	c8 2e       	mov	r12, r24
      getch();
   1fd56:	20 d0       	rcall	.+64     	; 0x1fd98 <getch>

      verifySpace();
   1fd58:	31 d0       	rcall	.+98     	; 0x1fdbc <verifySpace>
        __asm__ ("elpm %0,Z+\n" : "=r" (ch), "=z" (address): "1" (address));
#else
        // read a Flash byte and increment the address
        __asm__ ("lpm %0,Z+\n" : "=r" (ch), "=z" (address): "1" (address));
#endif
        putch(ch);
   1fd5a:	f8 01       	movw	r30, r16
   1fd5c:	87 91       	elpm	r24, Z+
   1fd5e:	8f 01       	movw	r16, r30
   1fd60:	14 d0       	rcall	.+40     	; 0x1fd8a <putch>
      } while (--length);
   1fd62:	ca 94       	dec	r12
   1fd64:	d1 f7       	brne	.-12     	; 0x1fd5a <main+0x15a>
   1fd66:	0e c0       	rjmp	.+28     	; 0x1fd84 <main+0x184>
    }

    /* Get device signature bytes  */
    else if(ch == STK_READ_SIGN) {
   1fd68:	85 37       	cpi	r24, 0x75	; 117
   1fd6a:	39 f4       	brne	.+14     	; 0x1fd7a <main+0x17a>
      // READ SIGN - return what Avrdude wants to hear
      verifySpace();
   1fd6c:	27 d0       	rcall	.+78     	; 0x1fdbc <verifySpace>
      putch(SIGNATURE_0);
   1fd6e:	8e e1       	ldi	r24, 0x1E	; 30
   1fd70:	0c d0       	rcall	.+24     	; 0x1fd8a <putch>
      putch(SIGNATURE_1);
   1fd72:	87 e9       	ldi	r24, 0x97	; 151
   1fd74:	0a d0       	rcall	.+20     	; 0x1fd8a <putch>
      putch(SIGNATURE_2);
   1fd76:	85 e0       	ldi	r24, 0x05	; 5
   1fd78:	81 cf       	rjmp	.-254    	; 0x1fc7c <main+0x7c>
    }
    else if (ch == STK_LEAVE_PROGMODE) { /* 'Q' */
   1fd7a:	81 35       	cpi	r24, 0x51	; 81
   1fd7c:	11 f4       	brne	.+4      	; 0x1fd82 <main+0x182>
      // Adaboot no-wait mod
      watchdogConfig(WATCHDOG_16MS);
   1fd7e:	88 e0       	ldi	r24, 0x08	; 8
   1fd80:	17 d0       	rcall	.+46     	; 0x1fdb0 <watchdogConfig>
      verifySpace();
    }
    else {
      // This covers the response to commands like STK_ENTER_PROGMODE
      verifySpace();
   1fd82:	1c d0       	rcall	.+56     	; 0x1fdbc <verifySpace>
    }
    putch(STK_OK);
   1fd84:	80 e1       	ldi	r24, 0x10	; 16
   1fd86:	01 d0       	rcall	.+2      	; 0x1fd8a <putch>
  }
   1fd88:	6c cf       	rjmp	.-296    	; 0x1fc62 <main+0x62>

0001fd8a <putch>:
}

void putch(char ch) {
#ifndef SOFT_UART
  while (!(UART_SRA & _BV(UDRE0)));
   1fd8a:	90 91 c0 00 	lds	r25, 0x00C0
   1fd8e:	95 ff       	sbrs	r25, 5
   1fd90:	fc cf       	rjmp	.-8      	; 0x1fd8a <putch>
  UART_UDR = ch;
   1fd92:	80 93 c6 00 	sts	0x00C6, r24
      [uartBit] "I" (UART_TX_BIT)
    :
      "r25"
  );
#endif
}
   1fd96:	08 95       	ret

0001fd98 <getch>:
      [uartBit] "I" (UART_RX_BIT)
    :
      "r25"
);
#else
  while(!(UART_SRA & _BV(RXC0)))
   1fd98:	80 91 c0 00 	lds	r24, 0x00C0
   1fd9c:	87 ff       	sbrs	r24, 7
   1fd9e:	fc cf       	rjmp	.-8      	; 0x1fd98 <getch>
    ;
  if (!(UART_SRA & _BV(FE0))) {
   1fda0:	80 91 c0 00 	lds	r24, 0x00C0
   1fda4:	84 fd       	sbrc	r24, 4
   1fda6:	01 c0       	rjmp	.+2      	; 0x1fdaa <getch+0x12>
}
#endif

// Watchdog functions. These are only safe with interrupts turned off.
void watchdogReset() {
  __asm__ __volatile__ (
   1fda8:	a8 95       	wdr
       * don't care that an invalid char is returned...)
       */
    watchdogReset();
  }
  
  ch = UART_UDR;
   1fdaa:	80 91 c6 00 	lds	r24, 0x00C6
  LED_PIN |= _BV(LED);
#endif
#endif

  return ch;
}
   1fdae:	08 95       	ret

0001fdb0 <watchdogConfig>:
    "wdr\n"
  );
}

void watchdogConfig(uint8_t x) {
  WDTCSR = _BV(WDCE) | _BV(WDE);
   1fdb0:	e0 e6       	ldi	r30, 0x60	; 96
   1fdb2:	f0 e0       	ldi	r31, 0x00	; 0
   1fdb4:	98 e1       	ldi	r25, 0x18	; 24
   1fdb6:	90 83       	st	Z, r25
  WDTCSR = x;
   1fdb8:	80 83       	st	Z, r24
}
   1fdba:	08 95       	ret

0001fdbc <verifySpace>:
  do getch(); while (--count);
  verifySpace();
}

void verifySpace() {
  if (getch() != CRC_EOP) {
   1fdbc:	ed df       	rcall	.-38     	; 0x1fd98 <getch>
   1fdbe:	80 32       	cpi	r24, 0x20	; 32
   1fdc0:	19 f0       	breq	.+6      	; 0x1fdc8 <verifySpace+0xc>
    watchdogConfig(WATCHDOG_16MS);    // shorten WD timeout
   1fdc2:	88 e0       	ldi	r24, 0x08	; 8
   1fdc4:	f5 df       	rcall	.-22     	; 0x1fdb0 <watchdogConfig>
   1fdc6:	ff cf       	rjmp	.-2      	; 0x1fdc6 <verifySpace+0xa>
    while (1)			      // and busy-loop so that WD causes
      ;				      //  a reset and app start.
  }
  putch(STK_INSYNC);
   1fdc8:	84 e1       	ldi	r24, 0x14	; 20
   1fdca:	df cf       	rjmp	.-66     	; 0x1fd8a <putch>
}
   1fdcc:	cf 93       	push	r28

0001fdce <getNch>:
    ::[count] "M" (UART_B_VALUE)
  );
}
#endif

void getNch(uint8_t count) {
   1fdce:	c8 2f       	mov	r28, r24
   1fdd0:	e3 df       	rcall	.-58     	; 0x1fd98 <getch>
  do getch(); while (--count);
   1fdd2:	c1 50       	subi	r28, 0x01	; 1
   1fdd4:	e9 f7       	brne	.-6      	; 0x1fdd0 <getNch+0x2>
   1fdd6:	f2 df       	rcall	.-28     	; 0x1fdbc <verifySpace>
  verifySpace();
   1fdd8:	cf 91       	pop	r28
}
   1fdda:	08 95       	ret

0001fddc <appStart>:
   1fddc:	28 2e       	mov	r2, r24

void appStart(uint8_t rstFlags) {
  // save the reset flags in the designated register
  //  This can be saved in a main program by putting code in .init0 (which
  //  executes before normal c init code) to save R2 to a global variable.
  __asm__ __volatile__ ("mov r2, %0\n" :: "r" (rstFlags));
   1fdde:	80 e0       	ldi	r24, 0x00	; 0

  watchdogConfig(WATCHDOG_OFF);
   1fde0:	e7 df       	rcall	.-50     	; 0x1fdb0 <watchdogConfig>
   1fde2:	ee 27       	eor	r30, r30
  __asm__ __volatile__ (
   1fde4:	ff 27       	eor	r31, r31
   1fde6:	09 94       	ijmp
